{
    "FUSIONINSPECTOR_WORKFLOW - human - stub": {
        "content": [
            {
                "0": [
                    [
                        {
                            "id": "test_sample"
                        },
                        "test_sample_combined_fusions_arriba_visualisation.pdf:md5,d41d8cd98f00b204e9800998ecf8427e"
                    ]
                ],
                "1": [
                    "versions.yml:md5,01dce7699931b293311f2e5436b88a3a",
                    "versions.yml:md5,3be8e23309ed0bacebcad3d2fb30642a"
                ],
                "ch_arriba_visualisation": [
                    [
                        {
                            "id": "test_sample"
                        },
                        "test_sample_combined_fusions_arriba_visualisation.pdf:md5,d41d8cd98f00b204e9800998ecf8427e"
                    ]
                ],
                "versions": [
                    "versions.yml:md5,01dce7699931b293311f2e5436b88a3a",
                    "versions.yml:md5,3be8e23309ed0bacebcad3d2fb30642a"
                ]
            }
        ],
        "meta": {
            "nf-test": "0.9.2",
            "nextflow": "25.04.2"
        },
        "timestamp": "2025-08-26T20:11:13.798144726"
    },
    "FUSIONINSPECTOR_WORKFLOW - human": {
        "content": [
            [
                "versions.yml:md5,01dce7699931b293311f2e5436b88a3a",
                "versions.yml:md5,3be8e23309ed0bacebcad3d2fb30642a"
            ]
        ],
        "meta": {
            "nf-test": "0.9.2",
            "nextflow": "25.04.2"
        },
        "timestamp": "2025-08-28T21:54:05.453749443"
    }
}