{
    "STARFUSION_WORKFLOW - Homo sapiens - FASTQs minigenome": {
        "content": [
            [
                [
                    {
                        "id": "test_fastqs"
                    },
                    "test_fastqs.starfusion.fusion_predictions.tsv:md5,abe17134a231642edf9351e4964e8a97"
                ]
            ],
            "test_fastqs.Log.final.out",
            [
                [
                    {
                        "id": "test_fastqs"
                    },
                    "test_fastqs.ReadsPerGene.out.tab:md5,8e0d42deeea09924d5c7ba3147bbfd78"
                ]
            ],
            [
                
            ],
            [
                
            ],
            [
                "versions.yml:md5,afde4f2fd6056df81e322b3c35ab7a8a",
                "versions.yml:md5,e53f1ec32bc78a33f99892e42274833a"
            ]
        ],
        "meta": {
            "nf-test": "0.9.2",
            "nextflow": "24.10.3"
        },
        "timestamp": "2024-12-23T18:25:52.838411738"
    }
}