{
    "test cosmic no fastp trim build": {
        "content": [
            0,
            {
                "Workflow": {
                    "nf-core/rnafusion": "v4.0.0dev"
                }
            },
            [
                "pipeline_info",
                "pipeline_info/nf_core_rnafusion_software_mqc_versions.yml"
            ],
            [

            ]
        ],
        "meta": {
            "nf-test": "0.9.0",
            "nextflow": "24.10.2"
        },
        "timestamp": "2024-12-10T12:42:49.558429"
    },
    "test cosmic no fastp trim": {
        "content": [
            0,
            null,
            [
                "pipeline_info"
            ],
            [

            ]
        ],
        "meta": {
            "nf-test": "0.9.0",
            "nextflow": "24.10.2"
        },
        "timestamp": "2024-12-10T15:09:53.130295"
    },
    "test cosmic with fastp trim": {
        "content": [
            0,
            null,
            [
                "pipeline_info"
            ],
            [

            ]
        ],
        "meta": {
            "nf-test": "0.9.0",
            "nextflow": "24.10.2"
        },
        "timestamp": "2024-12-10T15:09:29.277399"
    }
}
