{
    "test_build": {
        "content": [
            [
                "bedops",
                "bedops/Homo_sapiens.GRCh38.102_rrna_intervals.gtf.bed",
                "gatk4",
                "gatk4/Homo_sapiens.GRCh38.102.dna.primary_assembly.dict",
                "gffread",
                "gffread/Homo_sapiens.GRCh38.102.fasta",
                "pipeline_info",
                "references",
                "references/ensembl",
                "references/ensembl/Homo_sapiens.GRCh38.102.chr.gtf",
                "references/ensembl/Homo_sapiens.GRCh38.102.dna.primary_assembly.fa",
                "references/ensembl/Homo_sapiens.GRCh38.102.dna.primary_assembly.fa.fai",
                "references/ensembl/Homo_sapiens.GRCh38.102.genepred",
                "references/ensembl/Homo_sapiens.GRCh38.102.gtf",
                "references/ensembl/Homo_sapiens.GRCh38.102.refflat",
                "references/ensembl/Homo_sapiens.GRCh38.102_rrna_intervals.gtf.interval_list",
                "references/hgnc",
                "references/hgnc/HGNC-DB-timestamp.txt",
                "references/hgnc/hgnc_complete_set.txt",
                "rrnatranscripts",
                "rrnatranscripts/Homo_sapiens.GRCh38.102_rrna_intervals.gtf"
            ],
            [
                "Homo_sapiens.GRCh38.102_rrna_intervals.gtf.bed:md5,5bc3ccc76735ae46699a75269f0ea65b",
                "Homo_sapiens.GRCh38.102.dna.primary_assembly.dict:md5,092f1bf29fce906ff7b5ece02b4b21c8",
                "Homo_sapiens.GRCh38.102.fasta:md5,d1f17b045dc60c49f2cc29e30006afc0",
                "Homo_sapiens.GRCh38.102.chr.gtf:md5,0069687307852c63596b4d2ebdbbaf0c",
                "Homo_sapiens.GRCh38.102.dna.primary_assembly.fa.fai:md5,d527f3eb6b664020cf4d882b5820056f",
                "Homo_sapiens.GRCh38.102.genepred:md5,59c577ca4ab033c0ce1feac1e387bcab",
                "Homo_sapiens.GRCh38.102.gtf:md5,defac755cd9aa4e82ec33398c27745ef",
                "Homo_sapiens.GRCh38.102.refflat:md5,ef095e13743811c31d44752c32e9673e",
                "Homo_sapiens.GRCh38.102_rrna_intervals.gtf.interval_list:md5,0abf61877f65247b15c438d605d85599",
                "hgnc_complete_set.txt:md5,a563a2f8432ec0ab7d3dc74d769102b8",
                "Homo_sapiens.GRCh38.102_rrna_intervals.gtf:md5,744bf505deb50837b15441e808cad345"
            ]
        ],
        "meta": {
            "nf-test": "0.9.0",
            "nextflow": "24.10.2"
        },
        "timestamp": "2024-12-09T13:33:28.517098377"
    }
}