{
    "Should create stub files": {
        "content": [
            {
                "0": [
                    [
                        {
                            "id": "test_stub",
                            "single_end": false
                        },
                        "test_stub.starfusion.fusion_predictions.tsv:md5,d41d8cd98f00b204e9800998ecf8427e"
                    ]
                ],
                "1": [
                    [
                        {
                            "id": "test_stub",
                            "single_end": false
                        },
                        "test_stub.starfusion.abridged.tsv:md5,d41d8cd98f00b204e9800998ecf8427e"
                    ]
                ],
                "2": [
                    [
                        {
                            "id": "test_stub",
                            "single_end": false
                        },
                        "test_stub.starfusion.abridged.coding_effect.tsv:md5,d41d8cd98f00b204e9800998ecf8427e"
                    ]
                ],
                "3": [
                    "versions.yml:md5,a8fb6344fdf740dde0941048313fc243"
                ],
                "abridged": [
                    [
                        {
                            "id": "test_stub",
                            "single_end": false
                        },
                        "test_stub.starfusion.abridged.tsv:md5,d41d8cd98f00b204e9800998ecf8427e"
                    ]
                ],
                "coding_effect": [
                    [
                        {
                            "id": "test_stub",
                            "single_end": false
                        },
                        "test_stub.starfusion.abridged.coding_effect.tsv:md5,d41d8cd98f00b204e9800998ecf8427e"
                    ]
                ],
                "fusions": [
                    [
                        {
                            "id": "test_stub",
                            "single_end": false
                        },
                        "test_stub.starfusion.fusion_predictions.tsv:md5,d41d8cd98f00b204e9800998ecf8427e"
                    ]
                ],
                "versions": [
                    "versions.yml:md5,a8fb6344fdf740dde0941048313fc243"
                ]
            }
        ],
        "meta": {
            "nf-test": "0.9.2",
            "nextflow": "24.10.3"
        },
        "timestamp": "2024-12-19T18:42:06.988178092"
    },
    "Should run without failures": {
        "content": [
            [
                [
                    {
                        "id": "test",
                        "single_end": false
                    },
                    "test.starfusion.fusion_predictions.tsv:md5,82834fffed743afe07da82bd56d50c99"
                ]
            ],
            [
                [
                    {
                        "id": "test",
                        "single_end": false
                    },
                    "test.starfusion.abridged.tsv:md5,d6d20fdd4b5cba21b9c0ebf8e0ea19ff"
                ]
            ],
            [
                [
                    {
                        "id": "test",
                        "single_end": false
                    },
                    "test.starfusion.abridged.coding_effect.tsv:md5,95dfce6fdaf3589f23881fe1e855c62b"
                ]
            ],
            [
                "versions.yml:md5,a8fb6344fdf740dde0941048313fc243"
            ]
        ],
        "meta": {
            "nf-test": "0.9.2",
            "nextflow": "24.10.3"
        },
        "timestamp": "2024-12-19T18:41:49.150362156"
    }
}