{
    "Should create stub files": {
        "content": [
            [
                "hgnc_complete_set.txt:md5,d41d8cd98f00b204e9800998ecf8427e"
            ],
            "HGNC-DB-timestamp.txt",
            [
                "versions.yml:md5,a7b7ccbd9eda8036baf548cdf1cb6867"
            ]
        ],
        "meta": {
            "nf-test": "0.9.0",
            "nextflow": "24.10.1"
        },
        "timestamp": "2024-11-26T17:42:04.47884487"
    },
    "Should download HGNC files": {
        "content": [
            [
                "hgnc_complete_set.txt:md5,29571d88d1648e8764b70791df6a5d2d"
            ],
            "HGNC-DB-timestamp.txt",
            [
                "versions.yml:md5,a7b7ccbd9eda8036baf548cdf1cb6867"
            ]
        ],
        "meta": {
            "nf-test": "0.9.0",
            "nextflow": "24.10.1"
        },
        "timestamp": "2024-11-26T17:41:49.965512273"
    }
}