{
    "duplicate_metrics": {
        "content": "651d8a4702f9f9871e94afbce3e50e34",
        "meta": {
            "nf-test": "0.9.0",
            "nextflow": "24.10.2"
        },
        "timestamp": "2024-12-04T19:29:09.711230835"
    },
    "versions": {
        "content": [
            "versions.yml:md5,3f13b395c67e317f74194b3b6c89f139"
        ],
        "meta": {
            "nf-test": "0.9.0",
            "nextflow": "24.10.2"
        },
        "timestamp": "2024-12-04T19:29:09.686297468"
    },
    "rnaseq_metrics": {
        "content": "84a348c3735ed2f6c47f346eeed661f4",
        "meta": {
            "nf-test": "0.9.0",
            "nextflow": "24.10.2"
        },
        "timestamp": "2024-12-04T19:29:09.704632753"
    },
    "insertsize_metrics": {
        "content": "160db81b19843c4d46fe74ac61f9f013",
        "meta": {
            "nf-test": "0.9.0",
            "nextflow": "24.10.2"
        },
        "timestamp": "2024-12-04T19:29:09.717929716"
    }
}