{
    "versions": {
        "content": [
            [
                "versions.yml:md5,6f45b05e1e9ad4830266e897f3ee41b7"
            ]
        ],
        "meta": {
            "nf-test": "0.9.2",
            "nextflow": "25.04.6"
        },
        "timestamp": "2025-07-16T09:51:22.731321"
    },
    "ARRIBA_VISUALISATION stub": {
        "content": [
            {
                "0": [
                    [
                        {
                            "id": "test",
                            "single_end": false
                        },
                        "test_combined_fusions_arriba_visualisation.pdf:md5,d41d8cd98f00b204e9800998ecf8427e"
                    ]
                ],
                "1": [
                    "versions.yml:md5,6f45b05e1e9ad4830266e897f3ee41b7"
                ],
                "pdf": [
                    [
                        {
                            "id": "test",
                            "single_end": false
                        },
                        "test_combined_fusions_arriba_visualisation.pdf:md5,d41d8cd98f00b204e9800998ecf8427e"
                    ]
                ],
                "versions": [
                    "versions.yml:md5,6f45b05e1e9ad4830266e897f3ee41b7"
                ]
            }
        ],
        "meta": {
            "nf-test": "0.9.2",
            "nextflow": "25.04.6"
        },
        "timestamp": "2025-07-16T09:51:53.819687"
    }
}